// Jest Snapshot v1, https://goo.gl/fbAQLP

exports[`NotFoundTemplate renders correctly 1`] = `
<div>
  <div>
    <div>
      <div>
        <a
          href="/"
        />
        <div>
          <h2>
            <a
              href="https://kombai.io"
            >
              John Doe
            </a>
          </h2>
        </div>
        <p>
          Pellentesque odio nisi, euismod in, pharetra a, ultricies in, diam. Sed arcu.
        </p>
      </div>
    </div>
  </div>
  <div>
    <div>
      <h1>
        NOT FOUND
      </h1>
      <div>
        <p>
          You just hit a route that doesn't exist... the sadness.
        </p>
      </div>
    </div>
  </div>
</div>
`;
