// Jest Snapshot v1, https://goo.gl/fbAQLP

exports[`Sidebar renders correctly 1`] = `
<div>
  <div>
    <div>
      <a
        href="/"
      />
      <div>
        <h1>
          <a
            href="https://kombai.io"
          >
            John Doe
          </a>
        </h1>
      </div>
      <p>
        Pellentesque odio nisi, euismod in, pharetra a, ultricies in, diam. Sed arcu.
      </p>
    </div>
  </div>
</div>
`;
